// Jest Snapshot v1, https://goo.gl/fbAQLP

exports[`EarlyModal should equal to snapshot 1`] = `null`;
